
blink.elf:     file format elf32-littleriscv


Disassembly of section .text:

10000000 <_ftext>:
10000000:	0b00006f          	j	100000b0 <crt_init>
10000004:	00000013          	nop
10000008:	00000013          	nop
1000000c:	00000013          	nop
10000010:	00000013          	nop
10000014:	00000013          	nop
10000018:	00000013          	nop
1000001c:	00000013          	nop

10000020 <trap_entry>:
10000020:	fe112e23          	sw	ra,-4(sp)
10000024:	fe512c23          	sw	t0,-8(sp)
10000028:	fe612a23          	sw	t1,-12(sp)
1000002c:	fe712823          	sw	t2,-16(sp)
10000030:	fea12623          	sw	a0,-20(sp)
10000034:	feb12423          	sw	a1,-24(sp)
10000038:	fec12223          	sw	a2,-28(sp)
1000003c:	fed12023          	sw	a3,-32(sp)
10000040:	fce12e23          	sw	a4,-36(sp)
10000044:	fcf12c23          	sw	a5,-40(sp)
10000048:	fd012a23          	sw	a6,-44(sp)
1000004c:	fd112823          	sw	a7,-48(sp)
10000050:	fdc12623          	sw	t3,-52(sp)
10000054:	fdd12423          	sw	t4,-56(sp)
10000058:	fde12223          	sw	t5,-60(sp)
1000005c:	fdf12023          	sw	t6,-64(sp)
10000060:	fc010113          	addi	sp,sp,-64
10000064:	114000ef          	jal	ra,10000178 <isr>
10000068:	03c12083          	lw	ra,60(sp)
1000006c:	03812283          	lw	t0,56(sp)
10000070:	03412303          	lw	t1,52(sp)
10000074:	03012383          	lw	t2,48(sp)
10000078:	02c12503          	lw	a0,44(sp)
1000007c:	02812583          	lw	a1,40(sp)
10000080:	02412603          	lw	a2,36(sp)
10000084:	02012683          	lw	a3,32(sp)
10000088:	01c12703          	lw	a4,28(sp)
1000008c:	01812783          	lw	a5,24(sp)
10000090:	01412803          	lw	a6,20(sp)
10000094:	01012883          	lw	a7,16(sp)
10000098:	00c12e03          	lw	t3,12(sp)
1000009c:	00812e83          	lw	t4,8(sp)
100000a0:	00412f03          	lw	t5,4(sp)
100000a4:	00012f83          	lw	t6,0(sp)
100000a8:	04010113          	addi	sp,sp,64
100000ac:	30200073          	mret

100000b0 <crt_init>:
100000b0:	f0000117          	auipc	sp,0xf0000
100000b4:	75010113          	addi	sp,sp,1872 # 800 <_fstack>
100000b8:	00000517          	auipc	a0,0x0
100000bc:	f6850513          	addi	a0,a0,-152 # 10000020 <trap_entry>
100000c0:	30551073          	csrw	mtvec,a0

100000c4 <data_init>:
100000c4:	00000513          	li	a0,0
100000c8:	00000593          	li	a1,0
100000cc:	00001617          	auipc	a2,0x1
100000d0:	9fc60613          	addi	a2,a2,-1540 # 10000ac8 <_erodata>

100000d4 <data_loop>:
100000d4:	00b50c63          	beq	a0,a1,100000ec <bss_init>
100000d8:	00062683          	lw	a3,0(a2)
100000dc:	00d52023          	sw	a3,0(a0)
100000e0:	00450513          	addi	a0,a0,4
100000e4:	00460613          	addi	a2,a2,4
100000e8:	fedff06f          	j	100000d4 <data_loop>

100000ec <bss_init>:
100000ec:	00000513          	li	a0,0
100000f0:	00800593          	li	a1,8

100000f4 <bss_loop>:
100000f4:	00b50863          	beq	a0,a1,10000104 <bss_done>
100000f8:	00052023          	sw	zero,0(a0)
100000fc:	00450513          	addi	a0,a0,4
10000100:	ff5ff06f          	j	100000f4 <bss_loop>

10000104 <bss_done>:
10000104:	00001537          	lui	a0,0x1
10000108:	88050513          	addi	a0,a0,-1920 # 880 <_fstack+0x80>
1000010c:	30451073          	csrw	mie,a0
10000110:	115000ef          	jal	ra,10000a24 <main>

10000114 <infinit_loop>:
10000114:	0000006f          	j	10000114 <infinit_loop>

10000118 <flush_cpu_icache>:
10000118:	ff010113          	addi	sp,sp,-16
1000011c:	00812623          	sw	s0,12(sp)
10000120:	01010413          	addi	s0,sp,16
10000124:	00000013          	nop
10000128:	00c12403          	lw	s0,12(sp)
1000012c:	01010113          	addi	sp,sp,16
10000130:	00008067          	ret

10000134 <flush_cpu_dcache>:
10000134:	ff010113          	addi	sp,sp,-16
10000138:	00812623          	sw	s0,12(sp)
1000013c:	01010413          	addi	s0,sp,16
10000140:	00000013          	nop
10000144:	00c12403          	lw	s0,12(sp)
10000148:	01010113          	addi	sp,sp,16
1000014c:	00008067          	ret

10000150 <irq_setmask>:
10000150:	fe010113          	addi	sp,sp,-32
10000154:	00812e23          	sw	s0,28(sp)
10000158:	02010413          	addi	s0,sp,32
1000015c:	fea42623          	sw	a0,-20(s0)
10000160:	fec42783          	lw	a5,-20(s0)
10000164:	bc079073          	csrw	0xbc0,a5
10000168:	00000013          	nop
1000016c:	01c12403          	lw	s0,28(sp)
10000170:	02010113          	addi	sp,sp,32
10000174:	00008067          	ret

10000178 <isr>:
10000178:	ff010113          	addi	sp,sp,-16
1000017c:	00112623          	sw	ra,12(sp)
10000180:	00812423          	sw	s0,8(sp)
10000184:	01010413          	addi	s0,sp,16
10000188:	00000513          	li	a0,0
1000018c:	fc5ff0ef          	jal	ra,10000150 <irq_setmask>
10000190:	f00057b7          	lui	a5,0xf0005
10000194:	01c78793          	addi	a5,a5,28 # f000501c <_erodata+0xe0004554>
10000198:	0007a023          	sw	zero,0(a5)
1000019c:	f00057b7          	lui	a5,0xf0005
100001a0:	00c78793          	addi	a5,a5,12 # f000500c <_erodata+0xe0004544>
100001a4:	00100713          	li	a4,1
100001a8:	00e7a023          	sw	a4,0(a5)
100001ac:	f00057b7          	lui	a5,0xf0005
100001b0:	01078793          	addi	a5,a5,16 # f0005010 <_erodata+0xe0004548>
100001b4:	0007a783          	lw	a5,0(a5)
100001b8:	00079863          	bnez	a5,100001c8 <isr+0x50>
100001bc:	00100713          	li	a4,1
100001c0:	00e01023          	sh	a4,0(zero) # 0 <flag>
100001c4:	0180006f          	j	100001dc <isr+0x64>
100001c8:	f00057b7          	lui	a5,0xf0005
100001cc:	01c78793          	addi	a5,a5,28 # f000501c <_erodata+0xe0004554>
100001d0:	00100713          	li	a4,1
100001d4:	00e7a023          	sw	a4,0(a5)
100001d8:	00000013          	nop
100001dc:	00c12083          	lw	ra,12(sp)
100001e0:	00812403          	lw	s0,8(sp)
100001e4:	01010113          	addi	sp,sp,16
100001e8:	00008067          	ret

100001ec <flush_cpu_icache>:
100001ec:	ff010113          	addi	sp,sp,-16
100001f0:	00812623          	sw	s0,12(sp)
100001f4:	01010413          	addi	s0,sp,16
100001f8:	00000013          	nop
100001fc:	00c12403          	lw	s0,12(sp)
10000200:	01010113          	addi	sp,sp,16
10000204:	00008067          	ret

10000208 <flush_cpu_dcache>:
10000208:	ff010113          	addi	sp,sp,-16
1000020c:	00812623          	sw	s0,12(sp)
10000210:	01010413          	addi	s0,sp,16
10000214:	00000013          	nop
10000218:	00c12403          	lw	s0,12(sp)
1000021c:	01010113          	addi	sp,sp,16
10000220:	00008067          	ret

10000224 <putchar>:
10000224:	fe010113          	addi	sp,sp,-32
10000228:	00112e23          	sw	ra,28(sp)
1000022c:	00812c23          	sw	s0,24(sp)
10000230:	02010413          	addi	s0,sp,32
10000234:	00050793          	mv	a5,a0
10000238:	fef407a3          	sb	a5,-17(s0)
1000023c:	fef44703          	lbu	a4,-17(s0)
10000240:	00a00793          	li	a5,10
10000244:	00f71663          	bne	a4,a5,10000250 <putchar+0x2c>
10000248:	00d00513          	li	a0,13
1000024c:	fd9ff0ef          	jal	ra,10000224 <putchar>
10000250:	00000013          	nop
10000254:	f00067b7          	lui	a5,0xf0006
10000258:	80478793          	addi	a5,a5,-2044 # f0005804 <_erodata+0xe0004d3c>
1000025c:	0007a703          	lw	a4,0(a5)
10000260:	00100793          	li	a5,1
10000264:	fef708e3          	beq	a4,a5,10000254 <putchar+0x30>
10000268:	f00067b7          	lui	a5,0xf0006
1000026c:	80078793          	addi	a5,a5,-2048 # f0005800 <_erodata+0xe0004d38>
10000270:	fef44703          	lbu	a4,-17(s0)
10000274:	00e7a023          	sw	a4,0(a5)
10000278:	00000013          	nop
1000027c:	01c12083          	lw	ra,28(sp)
10000280:	01812403          	lw	s0,24(sp)
10000284:	02010113          	addi	sp,sp,32
10000288:	00008067          	ret

1000028c <print>:
1000028c:	fe010113          	addi	sp,sp,-32
10000290:	00112e23          	sw	ra,28(sp)
10000294:	00812c23          	sw	s0,24(sp)
10000298:	02010413          	addi	s0,sp,32
1000029c:	fea42623          	sw	a0,-20(s0)
100002a0:	01c0006f          	j	100002bc <print+0x30>
100002a4:	fec42783          	lw	a5,-20(s0)
100002a8:	00178713          	addi	a4,a5,1
100002ac:	fee42623          	sw	a4,-20(s0)
100002b0:	0007c783          	lbu	a5,0(a5)
100002b4:	00078513          	mv	a0,a5
100002b8:	f6dff0ef          	jal	ra,10000224 <putchar>
100002bc:	fec42783          	lw	a5,-20(s0)
100002c0:	0007c783          	lbu	a5,0(a5)
100002c4:	fe0790e3          	bnez	a5,100002a4 <print+0x18>
100002c8:	00000013          	nop
100002cc:	00000013          	nop
100002d0:	01c12083          	lw	ra,28(sp)
100002d4:	01812403          	lw	s0,24(sp)
100002d8:	02010113          	addi	sp,sp,32
100002dc:	00008067          	ret

100002e0 <print_hex>:
100002e0:	fd010113          	addi	sp,sp,-48
100002e4:	02112623          	sw	ra,44(sp)
100002e8:	02812423          	sw	s0,40(sp)
100002ec:	03010413          	addi	s0,sp,48
100002f0:	fca42e23          	sw	a0,-36(s0)
100002f4:	fcb42c23          	sw	a1,-40(s0)
100002f8:	fd842783          	lw	a5,-40(s0)
100002fc:	fff78793          	addi	a5,a5,-1
10000300:	fef42623          	sw	a5,-20(s0)
10000304:	0440006f          	j	10000348 <print_hex+0x68>
10000308:	fec42783          	lw	a5,-20(s0)
1000030c:	00279793          	slli	a5,a5,0x2
10000310:	fdc42703          	lw	a4,-36(s0)
10000314:	00f757b3          	srl	a5,a4,a5
10000318:	00f7f793          	andi	a5,a5,15
1000031c:	10001737          	lui	a4,0x10001
10000320:	aa870713          	addi	a4,a4,-1368 # 10000aa8 <_frodata>
10000324:	00f707b3          	add	a5,a4,a5
10000328:	0007c783          	lbu	a5,0(a5)
1000032c:	fef405a3          	sb	a5,-21(s0)
10000330:	feb44783          	lbu	a5,-21(s0)
10000334:	00078513          	mv	a0,a5
10000338:	eedff0ef          	jal	ra,10000224 <putchar>
1000033c:	fec42783          	lw	a5,-20(s0)
10000340:	fff78793          	addi	a5,a5,-1
10000344:	fef42623          	sw	a5,-20(s0)
10000348:	fec42783          	lw	a5,-20(s0)
1000034c:	fa07dee3          	bgez	a5,10000308 <print_hex+0x28>
10000350:	00000013          	nop
10000354:	00000013          	nop
10000358:	02c12083          	lw	ra,44(sp)
1000035c:	02812403          	lw	s0,40(sp)
10000360:	03010113          	addi	sp,sp,48
10000364:	00008067          	ret

10000368 <print_dec>:
10000368:	fe010113          	addi	sp,sp,-32
1000036c:	00112e23          	sw	ra,28(sp)
10000370:	00812c23          	sw	s0,24(sp)
10000374:	02010413          	addi	s0,sp,32
10000378:	fea42623          	sw	a0,-20(s0)
1000037c:	fec42703          	lw	a4,-20(s0)
10000380:	7cf00793          	li	a5,1999
10000384:	00e7fa63          	bgeu	a5,a4,10000398 <print_dec+0x30>
10000388:	100017b7          	lui	a5,0x10001
1000038c:	abc78513          	addi	a0,a5,-1348 # 10000abc <_frodata+0x14>
10000390:	efdff0ef          	jal	ra,1000028c <print>
10000394:	4100006f          	j	100007a4 <print_dec+0x43c>
10000398:	fec42703          	lw	a4,-20(s0)
1000039c:	3e700793          	li	a5,999
100003a0:	00e7fe63          	bgeu	a5,a4,100003bc <print_dec+0x54>
100003a4:	03100513          	li	a0,49
100003a8:	e7dff0ef          	jal	ra,10000224 <putchar>
100003ac:	fec42783          	lw	a5,-20(s0)
100003b0:	c1878793          	addi	a5,a5,-1000
100003b4:	fef42623          	sw	a5,-20(s0)
100003b8:	00c0006f          	j	100003c4 <print_dec+0x5c>
100003bc:	02000513          	li	a0,32
100003c0:	e65ff0ef          	jal	ra,10000224 <putchar>
100003c4:	fec42703          	lw	a4,-20(s0)
100003c8:	38300793          	li	a5,899
100003cc:	00e7fe63          	bgeu	a5,a4,100003e8 <print_dec+0x80>
100003d0:	03900513          	li	a0,57
100003d4:	e51ff0ef          	jal	ra,10000224 <putchar>
100003d8:	fec42783          	lw	a5,-20(s0)
100003dc:	c7c78793          	addi	a5,a5,-900
100003e0:	fef42623          	sw	a5,-20(s0)
100003e4:	12c0006f          	j	10000510 <print_dec+0x1a8>
100003e8:	fec42703          	lw	a4,-20(s0)
100003ec:	31f00793          	li	a5,799
100003f0:	00e7fe63          	bgeu	a5,a4,1000040c <print_dec+0xa4>
100003f4:	03800513          	li	a0,56
100003f8:	e2dff0ef          	jal	ra,10000224 <putchar>
100003fc:	fec42783          	lw	a5,-20(s0)
10000400:	ce078793          	addi	a5,a5,-800
10000404:	fef42623          	sw	a5,-20(s0)
10000408:	1080006f          	j	10000510 <print_dec+0x1a8>
1000040c:	fec42703          	lw	a4,-20(s0)
10000410:	2bb00793          	li	a5,699
10000414:	00e7fe63          	bgeu	a5,a4,10000430 <print_dec+0xc8>
10000418:	03700513          	li	a0,55
1000041c:	e09ff0ef          	jal	ra,10000224 <putchar>
10000420:	fec42783          	lw	a5,-20(s0)
10000424:	d4478793          	addi	a5,a5,-700
10000428:	fef42623          	sw	a5,-20(s0)
1000042c:	0e40006f          	j	10000510 <print_dec+0x1a8>
10000430:	fec42703          	lw	a4,-20(s0)
10000434:	25700793          	li	a5,599
10000438:	00e7fe63          	bgeu	a5,a4,10000454 <print_dec+0xec>
1000043c:	03600513          	li	a0,54
10000440:	de5ff0ef          	jal	ra,10000224 <putchar>
10000444:	fec42783          	lw	a5,-20(s0)
10000448:	da878793          	addi	a5,a5,-600
1000044c:	fef42623          	sw	a5,-20(s0)
10000450:	0c00006f          	j	10000510 <print_dec+0x1a8>
10000454:	fec42703          	lw	a4,-20(s0)
10000458:	1f300793          	li	a5,499
1000045c:	00e7fe63          	bgeu	a5,a4,10000478 <print_dec+0x110>
10000460:	03500513          	li	a0,53
10000464:	dc1ff0ef          	jal	ra,10000224 <putchar>
10000468:	fec42783          	lw	a5,-20(s0)
1000046c:	e0c78793          	addi	a5,a5,-500
10000470:	fef42623          	sw	a5,-20(s0)
10000474:	09c0006f          	j	10000510 <print_dec+0x1a8>
10000478:	fec42703          	lw	a4,-20(s0)
1000047c:	18f00793          	li	a5,399
10000480:	00e7fe63          	bgeu	a5,a4,1000049c <print_dec+0x134>
10000484:	03400513          	li	a0,52
10000488:	d9dff0ef          	jal	ra,10000224 <putchar>
1000048c:	fec42783          	lw	a5,-20(s0)
10000490:	e7078793          	addi	a5,a5,-400
10000494:	fef42623          	sw	a5,-20(s0)
10000498:	0780006f          	j	10000510 <print_dec+0x1a8>
1000049c:	fec42703          	lw	a4,-20(s0)
100004a0:	12b00793          	li	a5,299
100004a4:	00e7fe63          	bgeu	a5,a4,100004c0 <print_dec+0x158>
100004a8:	03300513          	li	a0,51
100004ac:	d79ff0ef          	jal	ra,10000224 <putchar>
100004b0:	fec42783          	lw	a5,-20(s0)
100004b4:	ed478793          	addi	a5,a5,-300
100004b8:	fef42623          	sw	a5,-20(s0)
100004bc:	0540006f          	j	10000510 <print_dec+0x1a8>
100004c0:	fec42703          	lw	a4,-20(s0)
100004c4:	0c700793          	li	a5,199
100004c8:	00e7fe63          	bgeu	a5,a4,100004e4 <print_dec+0x17c>
100004cc:	03200513          	li	a0,50
100004d0:	d55ff0ef          	jal	ra,10000224 <putchar>
100004d4:	fec42783          	lw	a5,-20(s0)
100004d8:	f3878793          	addi	a5,a5,-200
100004dc:	fef42623          	sw	a5,-20(s0)
100004e0:	0300006f          	j	10000510 <print_dec+0x1a8>
100004e4:	fec42703          	lw	a4,-20(s0)
100004e8:	06300793          	li	a5,99
100004ec:	00e7fe63          	bgeu	a5,a4,10000508 <print_dec+0x1a0>
100004f0:	03100513          	li	a0,49
100004f4:	d31ff0ef          	jal	ra,10000224 <putchar>
100004f8:	fec42783          	lw	a5,-20(s0)
100004fc:	f9c78793          	addi	a5,a5,-100
10000500:	fef42623          	sw	a5,-20(s0)
10000504:	00c0006f          	j	10000510 <print_dec+0x1a8>
10000508:	03000513          	li	a0,48
1000050c:	d19ff0ef          	jal	ra,10000224 <putchar>
10000510:	fec42703          	lw	a4,-20(s0)
10000514:	05900793          	li	a5,89
10000518:	00e7fe63          	bgeu	a5,a4,10000534 <print_dec+0x1cc>
1000051c:	03900513          	li	a0,57
10000520:	d05ff0ef          	jal	ra,10000224 <putchar>
10000524:	fec42783          	lw	a5,-20(s0)
10000528:	fa678793          	addi	a5,a5,-90
1000052c:	fef42623          	sw	a5,-20(s0)
10000530:	12c0006f          	j	1000065c <print_dec+0x2f4>
10000534:	fec42703          	lw	a4,-20(s0)
10000538:	04f00793          	li	a5,79
1000053c:	00e7fe63          	bgeu	a5,a4,10000558 <print_dec+0x1f0>
10000540:	03800513          	li	a0,56
10000544:	ce1ff0ef          	jal	ra,10000224 <putchar>
10000548:	fec42783          	lw	a5,-20(s0)
1000054c:	fb078793          	addi	a5,a5,-80
10000550:	fef42623          	sw	a5,-20(s0)
10000554:	1080006f          	j	1000065c <print_dec+0x2f4>
10000558:	fec42703          	lw	a4,-20(s0)
1000055c:	04500793          	li	a5,69
10000560:	00e7fe63          	bgeu	a5,a4,1000057c <print_dec+0x214>
10000564:	03700513          	li	a0,55
10000568:	cbdff0ef          	jal	ra,10000224 <putchar>
1000056c:	fec42783          	lw	a5,-20(s0)
10000570:	fba78793          	addi	a5,a5,-70
10000574:	fef42623          	sw	a5,-20(s0)
10000578:	0e40006f          	j	1000065c <print_dec+0x2f4>
1000057c:	fec42703          	lw	a4,-20(s0)
10000580:	03b00793          	li	a5,59
10000584:	00e7fe63          	bgeu	a5,a4,100005a0 <print_dec+0x238>
10000588:	03600513          	li	a0,54
1000058c:	c99ff0ef          	jal	ra,10000224 <putchar>
10000590:	fec42783          	lw	a5,-20(s0)
10000594:	fc478793          	addi	a5,a5,-60
10000598:	fef42623          	sw	a5,-20(s0)
1000059c:	0c00006f          	j	1000065c <print_dec+0x2f4>
100005a0:	fec42703          	lw	a4,-20(s0)
100005a4:	03100793          	li	a5,49
100005a8:	00e7fe63          	bgeu	a5,a4,100005c4 <print_dec+0x25c>
100005ac:	03500513          	li	a0,53
100005b0:	c75ff0ef          	jal	ra,10000224 <putchar>
100005b4:	fec42783          	lw	a5,-20(s0)
100005b8:	fce78793          	addi	a5,a5,-50
100005bc:	fef42623          	sw	a5,-20(s0)
100005c0:	09c0006f          	j	1000065c <print_dec+0x2f4>
100005c4:	fec42703          	lw	a4,-20(s0)
100005c8:	02700793          	li	a5,39
100005cc:	00e7fe63          	bgeu	a5,a4,100005e8 <print_dec+0x280>
100005d0:	03400513          	li	a0,52
100005d4:	c51ff0ef          	jal	ra,10000224 <putchar>
100005d8:	fec42783          	lw	a5,-20(s0)
100005dc:	fd878793          	addi	a5,a5,-40
100005e0:	fef42623          	sw	a5,-20(s0)
100005e4:	0780006f          	j	1000065c <print_dec+0x2f4>
100005e8:	fec42703          	lw	a4,-20(s0)
100005ec:	01d00793          	li	a5,29
100005f0:	00e7fe63          	bgeu	a5,a4,1000060c <print_dec+0x2a4>
100005f4:	03300513          	li	a0,51
100005f8:	c2dff0ef          	jal	ra,10000224 <putchar>
100005fc:	fec42783          	lw	a5,-20(s0)
10000600:	fe278793          	addi	a5,a5,-30
10000604:	fef42623          	sw	a5,-20(s0)
10000608:	0540006f          	j	1000065c <print_dec+0x2f4>
1000060c:	fec42703          	lw	a4,-20(s0)
10000610:	01300793          	li	a5,19
10000614:	00e7fe63          	bgeu	a5,a4,10000630 <print_dec+0x2c8>
10000618:	03200513          	li	a0,50
1000061c:	c09ff0ef          	jal	ra,10000224 <putchar>
10000620:	fec42783          	lw	a5,-20(s0)
10000624:	fec78793          	addi	a5,a5,-20
10000628:	fef42623          	sw	a5,-20(s0)
1000062c:	0300006f          	j	1000065c <print_dec+0x2f4>
10000630:	fec42703          	lw	a4,-20(s0)
10000634:	00900793          	li	a5,9
10000638:	00e7fe63          	bgeu	a5,a4,10000654 <print_dec+0x2ec>
1000063c:	03100513          	li	a0,49
10000640:	be5ff0ef          	jal	ra,10000224 <putchar>
10000644:	fec42783          	lw	a5,-20(s0)
10000648:	ff678793          	addi	a5,a5,-10
1000064c:	fef42623          	sw	a5,-20(s0)
10000650:	00c0006f          	j	1000065c <print_dec+0x2f4>
10000654:	03000513          	li	a0,48
10000658:	bcdff0ef          	jal	ra,10000224 <putchar>
1000065c:	fec42703          	lw	a4,-20(s0)
10000660:	00800793          	li	a5,8
10000664:	00e7fe63          	bgeu	a5,a4,10000680 <print_dec+0x318>
10000668:	03900513          	li	a0,57
1000066c:	bb9ff0ef          	jal	ra,10000224 <putchar>
10000670:	fec42783          	lw	a5,-20(s0)
10000674:	ff778793          	addi	a5,a5,-9
10000678:	fef42623          	sw	a5,-20(s0)
1000067c:	1280006f          	j	100007a4 <print_dec+0x43c>
10000680:	fec42703          	lw	a4,-20(s0)
10000684:	00700793          	li	a5,7
10000688:	00e7fe63          	bgeu	a5,a4,100006a4 <print_dec+0x33c>
1000068c:	03800513          	li	a0,56
10000690:	b95ff0ef          	jal	ra,10000224 <putchar>
10000694:	fec42783          	lw	a5,-20(s0)
10000698:	ff878793          	addi	a5,a5,-8
1000069c:	fef42623          	sw	a5,-20(s0)
100006a0:	1040006f          	j	100007a4 <print_dec+0x43c>
100006a4:	fec42703          	lw	a4,-20(s0)
100006a8:	00600793          	li	a5,6
100006ac:	00e7fe63          	bgeu	a5,a4,100006c8 <print_dec+0x360>
100006b0:	03700513          	li	a0,55
100006b4:	b71ff0ef          	jal	ra,10000224 <putchar>
100006b8:	fec42783          	lw	a5,-20(s0)
100006bc:	ff978793          	addi	a5,a5,-7
100006c0:	fef42623          	sw	a5,-20(s0)
100006c4:	0e00006f          	j	100007a4 <print_dec+0x43c>
100006c8:	fec42703          	lw	a4,-20(s0)
100006cc:	00500793          	li	a5,5
100006d0:	00e7fe63          	bgeu	a5,a4,100006ec <print_dec+0x384>
100006d4:	03600513          	li	a0,54
100006d8:	b4dff0ef          	jal	ra,10000224 <putchar>
100006dc:	fec42783          	lw	a5,-20(s0)
100006e0:	ffa78793          	addi	a5,a5,-6
100006e4:	fef42623          	sw	a5,-20(s0)
100006e8:	0bc0006f          	j	100007a4 <print_dec+0x43c>
100006ec:	fec42703          	lw	a4,-20(s0)
100006f0:	00400793          	li	a5,4
100006f4:	00e7fe63          	bgeu	a5,a4,10000710 <print_dec+0x3a8>
100006f8:	03500513          	li	a0,53
100006fc:	b29ff0ef          	jal	ra,10000224 <putchar>
10000700:	fec42783          	lw	a5,-20(s0)
10000704:	ffb78793          	addi	a5,a5,-5
10000708:	fef42623          	sw	a5,-20(s0)
1000070c:	0980006f          	j	100007a4 <print_dec+0x43c>
10000710:	fec42703          	lw	a4,-20(s0)
10000714:	00300793          	li	a5,3
10000718:	00e7fe63          	bgeu	a5,a4,10000734 <print_dec+0x3cc>
1000071c:	03400513          	li	a0,52
10000720:	b05ff0ef          	jal	ra,10000224 <putchar>
10000724:	fec42783          	lw	a5,-20(s0)
10000728:	ffc78793          	addi	a5,a5,-4
1000072c:	fef42623          	sw	a5,-20(s0)
10000730:	0740006f          	j	100007a4 <print_dec+0x43c>
10000734:	fec42703          	lw	a4,-20(s0)
10000738:	00200793          	li	a5,2
1000073c:	00e7fe63          	bgeu	a5,a4,10000758 <print_dec+0x3f0>
10000740:	03300513          	li	a0,51
10000744:	ae1ff0ef          	jal	ra,10000224 <putchar>
10000748:	fec42783          	lw	a5,-20(s0)
1000074c:	ffd78793          	addi	a5,a5,-3
10000750:	fef42623          	sw	a5,-20(s0)
10000754:	0500006f          	j	100007a4 <print_dec+0x43c>
10000758:	fec42703          	lw	a4,-20(s0)
1000075c:	00100793          	li	a5,1
10000760:	00e7fe63          	bgeu	a5,a4,1000077c <print_dec+0x414>
10000764:	03200513          	li	a0,50
10000768:	abdff0ef          	jal	ra,10000224 <putchar>
1000076c:	fec42783          	lw	a5,-20(s0)
10000770:	ffe78793          	addi	a5,a5,-2
10000774:	fef42623          	sw	a5,-20(s0)
10000778:	02c0006f          	j	100007a4 <print_dec+0x43c>
1000077c:	fec42783          	lw	a5,-20(s0)
10000780:	00078e63          	beqz	a5,1000079c <print_dec+0x434>
10000784:	03100513          	li	a0,49
10000788:	a9dff0ef          	jal	ra,10000224 <putchar>
1000078c:	fec42783          	lw	a5,-20(s0)
10000790:	fff78793          	addi	a5,a5,-1
10000794:	fef42623          	sw	a5,-20(s0)
10000798:	00c0006f          	j	100007a4 <print_dec+0x43c>
1000079c:	03000513          	li	a0,48
100007a0:	a85ff0ef          	jal	ra,10000224 <putchar>
100007a4:	01c12083          	lw	ra,28(sp)
100007a8:	01812403          	lw	s0,24(sp)
100007ac:	02010113          	addi	sp,sp,32
100007b0:	00008067          	ret

100007b4 <print_digit>:
100007b4:	fe010113          	addi	sp,sp,-32
100007b8:	00112e23          	sw	ra,28(sp)
100007bc:	00812c23          	sw	s0,24(sp)
100007c0:	02010413          	addi	s0,sp,32
100007c4:	fea42623          	sw	a0,-20(s0)
100007c8:	fec42783          	lw	a5,-20(s0)
100007cc:	00f7f793          	andi	a5,a5,15
100007d0:	fef42623          	sw	a5,-20(s0)
100007d4:	fec42703          	lw	a4,-20(s0)
100007d8:	00900793          	li	a5,9
100007dc:	00f71863          	bne	a4,a5,100007ec <print_digit+0x38>
100007e0:	03900513          	li	a0,57
100007e4:	a41ff0ef          	jal	ra,10000224 <putchar>
100007e8:	1700006f          	j	10000958 <print_digit+0x1a4>
100007ec:	fec42703          	lw	a4,-20(s0)
100007f0:	00800793          	li	a5,8
100007f4:	00f71863          	bne	a4,a5,10000804 <print_digit+0x50>
100007f8:	03800513          	li	a0,56
100007fc:	a29ff0ef          	jal	ra,10000224 <putchar>
10000800:	1580006f          	j	10000958 <print_digit+0x1a4>
10000804:	fec42703          	lw	a4,-20(s0)
10000808:	00700793          	li	a5,7
1000080c:	00f71863          	bne	a4,a5,1000081c <print_digit+0x68>
10000810:	03700513          	li	a0,55
10000814:	a11ff0ef          	jal	ra,10000224 <putchar>
10000818:	1400006f          	j	10000958 <print_digit+0x1a4>
1000081c:	fec42703          	lw	a4,-20(s0)
10000820:	00600793          	li	a5,6
10000824:	00f71863          	bne	a4,a5,10000834 <print_digit+0x80>
10000828:	03600513          	li	a0,54
1000082c:	9f9ff0ef          	jal	ra,10000224 <putchar>
10000830:	1280006f          	j	10000958 <print_digit+0x1a4>
10000834:	fec42703          	lw	a4,-20(s0)
10000838:	00500793          	li	a5,5
1000083c:	00f71863          	bne	a4,a5,1000084c <print_digit+0x98>
10000840:	03500513          	li	a0,53
10000844:	9e1ff0ef          	jal	ra,10000224 <putchar>
10000848:	1100006f          	j	10000958 <print_digit+0x1a4>
1000084c:	fec42703          	lw	a4,-20(s0)
10000850:	00400793          	li	a5,4
10000854:	00f71863          	bne	a4,a5,10000864 <print_digit+0xb0>
10000858:	03400513          	li	a0,52
1000085c:	9c9ff0ef          	jal	ra,10000224 <putchar>
10000860:	0f80006f          	j	10000958 <print_digit+0x1a4>
10000864:	fec42703          	lw	a4,-20(s0)
10000868:	00300793          	li	a5,3
1000086c:	00f71863          	bne	a4,a5,1000087c <print_digit+0xc8>
10000870:	03300513          	li	a0,51
10000874:	9b1ff0ef          	jal	ra,10000224 <putchar>
10000878:	0e00006f          	j	10000958 <print_digit+0x1a4>
1000087c:	fec42703          	lw	a4,-20(s0)
10000880:	00200793          	li	a5,2
10000884:	00f71863          	bne	a4,a5,10000894 <print_digit+0xe0>
10000888:	03200513          	li	a0,50
1000088c:	999ff0ef          	jal	ra,10000224 <putchar>
10000890:	0c80006f          	j	10000958 <print_digit+0x1a4>
10000894:	fec42703          	lw	a4,-20(s0)
10000898:	00100793          	li	a5,1
1000089c:	00f71863          	bne	a4,a5,100008ac <print_digit+0xf8>
100008a0:	03100513          	li	a0,49
100008a4:	981ff0ef          	jal	ra,10000224 <putchar>
100008a8:	0b00006f          	j	10000958 <print_digit+0x1a4>
100008ac:	fec42783          	lw	a5,-20(s0)
100008b0:	00079863          	bnez	a5,100008c0 <print_digit+0x10c>
100008b4:	03000513          	li	a0,48
100008b8:	96dff0ef          	jal	ra,10000224 <putchar>
100008bc:	09c0006f          	j	10000958 <print_digit+0x1a4>
100008c0:	fec42703          	lw	a4,-20(s0)
100008c4:	00a00793          	li	a5,10
100008c8:	00f71863          	bne	a4,a5,100008d8 <print_digit+0x124>
100008cc:	06100513          	li	a0,97
100008d0:	955ff0ef          	jal	ra,10000224 <putchar>
100008d4:	0840006f          	j	10000958 <print_digit+0x1a4>
100008d8:	fec42703          	lw	a4,-20(s0)
100008dc:	00b00793          	li	a5,11
100008e0:	00f71863          	bne	a4,a5,100008f0 <print_digit+0x13c>
100008e4:	06200513          	li	a0,98
100008e8:	93dff0ef          	jal	ra,10000224 <putchar>
100008ec:	06c0006f          	j	10000958 <print_digit+0x1a4>
100008f0:	fec42703          	lw	a4,-20(s0)
100008f4:	00c00793          	li	a5,12
100008f8:	00f71863          	bne	a4,a5,10000908 <print_digit+0x154>
100008fc:	06300513          	li	a0,99
10000900:	925ff0ef          	jal	ra,10000224 <putchar>
10000904:	0540006f          	j	10000958 <print_digit+0x1a4>
10000908:	fec42703          	lw	a4,-20(s0)
1000090c:	00d00793          	li	a5,13
10000910:	00f71863          	bne	a4,a5,10000920 <print_digit+0x16c>
10000914:	06400513          	li	a0,100
10000918:	90dff0ef          	jal	ra,10000224 <putchar>
1000091c:	03c0006f          	j	10000958 <print_digit+0x1a4>
10000920:	fec42703          	lw	a4,-20(s0)
10000924:	00e00793          	li	a5,14
10000928:	00f71863          	bne	a4,a5,10000938 <print_digit+0x184>
1000092c:	06500513          	li	a0,101
10000930:	8f5ff0ef          	jal	ra,10000224 <putchar>
10000934:	0240006f          	j	10000958 <print_digit+0x1a4>
10000938:	fec42703          	lw	a4,-20(s0)
1000093c:	00f00793          	li	a5,15
10000940:	00f71863          	bne	a4,a5,10000950 <print_digit+0x19c>
10000944:	06600513          	li	a0,102
10000948:	8ddff0ef          	jal	ra,10000224 <putchar>
1000094c:	00c0006f          	j	10000958 <print_digit+0x1a4>
10000950:	02a00513          	li	a0,42
10000954:	8d1ff0ef          	jal	ra,10000224 <putchar>
10000958:	00000013          	nop
1000095c:	01c12083          	lw	ra,28(sp)
10000960:	01812403          	lw	s0,24(sp)
10000964:	02010113          	addi	sp,sp,32
10000968:	00008067          	ret

1000096c <flush_cpu_icache>:
1000096c:	ff010113          	addi	sp,sp,-16
10000970:	00812623          	sw	s0,12(sp)
10000974:	01010413          	addi	s0,sp,16
10000978:	00000013          	nop
1000097c:	00c12403          	lw	s0,12(sp)
10000980:	01010113          	addi	sp,sp,16
10000984:	00008067          	ret

10000988 <flush_cpu_dcache>:
10000988:	ff010113          	addi	sp,sp,-16
1000098c:	00812623          	sw	s0,12(sp)
10000990:	01010413          	addi	s0,sp,16
10000994:	00000013          	nop
10000998:	00c12403          	lw	s0,12(sp)
1000099c:	01010113          	addi	sp,sp,16
100009a0:	00008067          	ret

100009a4 <delay>:
100009a4:	fe010113          	addi	sp,sp,-32
100009a8:	00812e23          	sw	s0,28(sp)
100009ac:	02010413          	addi	s0,sp,32
100009b0:	fea42623          	sw	a0,-20(s0)
100009b4:	f00057b7          	lui	a5,0xf0005
100009b8:	00878793          	addi	a5,a5,8 # f0005008 <_erodata+0xe0004540>
100009bc:	0007a023          	sw	zero,0(a5)
100009c0:	f00057b7          	lui	a5,0xf0005
100009c4:	fec42703          	lw	a4,-20(s0)
100009c8:	00e7a023          	sw	a4,0(a5) # f0005000 <_erodata+0xe0004538>
100009cc:	f00057b7          	lui	a5,0xf0005
100009d0:	00878793          	addi	a5,a5,8 # f0005008 <_erodata+0xe0004540>
100009d4:	00100713          	li	a4,1
100009d8:	00e7a023          	sw	a4,0(a5)
100009dc:	f00057b7          	lui	a5,0xf0005
100009e0:	00c78793          	addi	a5,a5,12 # f000500c <_erodata+0xe0004544>
100009e4:	00100713          	li	a4,1
100009e8:	00e7a023          	sw	a4,0(a5)
100009ec:	0140006f          	j	10000a00 <delay+0x5c>
100009f0:	f00057b7          	lui	a5,0xf0005
100009f4:	00c78793          	addi	a5,a5,12 # f000500c <_erodata+0xe0004544>
100009f8:	00100713          	li	a4,1
100009fc:	00e7a023          	sw	a4,0(a5)
10000a00:	f00057b7          	lui	a5,0xf0005
10000a04:	01078793          	addi	a5,a5,16 # f0005010 <_erodata+0xe0004548>
10000a08:	0007a783          	lw	a5,0(a5)
10000a0c:	fe0792e3          	bnez	a5,100009f0 <delay+0x4c>
10000a10:	00000013          	nop
10000a14:	00000013          	nop
10000a18:	01c12403          	lw	s0,28(sp)
10000a1c:	02010113          	addi	sp,sp,32
10000a20:	00008067          	ret

10000a24 <main>:
10000a24:	ff010113          	addi	sp,sp,-16
10000a28:	00112623          	sw	ra,12(sp)
10000a2c:	00812423          	sw	s0,8(sp)
10000a30:	01010413          	addi	s0,sp,16
10000a34:	f00037b7          	lui	a5,0xf0003
10000a38:	80078793          	addi	a5,a5,-2048 # f0002800 <_erodata+0xe0001d38>
10000a3c:	00100713          	li	a4,1
10000a40:	00e7a023          	sw	a4,0(a5)
10000a44:	f00037b7          	lui	a5,0xf0003
10000a48:	80478793          	addi	a5,a5,-2044 # f0002804 <_erodata+0xe0001d3c>
10000a4c:	0007a023          	sw	zero,0(a5)
10000a50:	f00037b7          	lui	a5,0xf0003
10000a54:	80878793          	addi	a5,a5,-2040 # f0002808 <_erodata+0xe0001d40>
10000a58:	00100713          	li	a4,1
10000a5c:	00e7a023          	sw	a4,0(a5)
10000a60:	f00037b7          	lui	a5,0xf0003
10000a64:	80c78793          	addi	a5,a5,-2036 # f000280c <_erodata+0xe0001d44>
10000a68:	0007a023          	sw	zero,0(a5)
10000a6c:	f00037b7          	lui	a5,0xf0003
10000a70:	81478793          	addi	a5,a5,-2028 # f0002814 <_erodata+0xe0001d4c>
10000a74:	00100713          	li	a4,1
10000a78:	00e7a023          	sw	a4,0(a5)
10000a7c:	001e87b7          	lui	a5,0x1e8
10000a80:	48078513          	addi	a0,a5,1152 # 1e8480 <_fstack+0x1e7c80>
10000a84:	f21ff0ef          	jal	ra,100009a4 <delay>
10000a88:	f00037b7          	lui	a5,0xf0003
10000a8c:	81478793          	addi	a5,a5,-2028 # f0002814 <_erodata+0xe0001d4c>
10000a90:	0007a023          	sw	zero,0(a5)
10000a94:	001e87b7          	lui	a5,0x1e8
10000a98:	48078513          	addi	a0,a5,1152 # 1e8480 <_fstack+0x1e7c80>
10000a9c:	f09ff0ef          	jal	ra,100009a4 <delay>
10000aa0:	fcdff06f          	j	10000a6c <main+0x48>

Disassembly of section .rodata:

10000aa4 <_frodata-0x4>:
10000aa4:	0000                	unimp
	...

10000aa8 <_frodata>:
10000aa8:	3130                	fld	fa2,96(a0)
10000aaa:	3332                	fld	ft6,296(sp)
10000aac:	3534                	fld	fa3,104(a0)
10000aae:	3736                	fld	fa4,360(sp)
10000ab0:	3938                	fld	fa4,112(a0)
10000ab2:	6261                	lui	tp,0x18
10000ab4:	66656463          	bltu	a0,t1,1000111c <_erodata+0x654>
10000ab8:	0000                	unimp
10000aba:	0000                	unimp
10000abc:	5245564f          	fnmadd.d	fa2,fa0,ft4,fa0,unknown
	...

Disassembly of section .bss:

00000000 <flag>:
	...

Disassembly of section .riscv.attributes:

00000000 <.riscv.attributes>:
   0:	1f41                	addi	t5,t5,-16
   2:	0000                	unimp
   4:	7200                	flw	fs0,32(a2)
   6:	7369                	lui	t1,0xffffa
   8:	01007663          	bgeu	zero,a6,14 <_ebss+0xc>
   c:	0015                	c.nop	5
   e:	0000                	unimp
  10:	1004                	addi	s1,sp,32
  12:	7205                	lui	tp,0xfffe1
  14:	3376                	fld	ft6,376(sp)
  16:	6932                	flw	fs2,12(sp)
  18:	7032                	flw	ft0,44(sp)
  1a:	0030                	addi	a2,sp,8
  1c:	0108                	addi	a0,sp,128
  1e:	0b0a                	slli	s6,s6,0x2

Disassembly of section .comment:

00000000 <.comment>:
   0:	3a434347          	fmsub.d	ft6,ft6,ft4,ft7,rmm
   4:	2820                	fld	fs0,80(s0)
   6:	69466953          	0x69466953
   a:	6576                	flw	fa0,92(sp)
   c:	4720                	lw	s0,72(a4)
   e:	4d2d4343          	fmadd.h	ft6,fs10,fs2,fs1,rmm
  12:	7465                	lui	s0,0xffff9
  14:	6c61                	lui	s8,0x18
  16:	3120                	fld	fs0,96(a0)
  18:	2e30                	fld	fa2,88(a2)
  1a:	2e32                	fld	ft8,264(sp)
  1c:	2d30                	fld	fa2,88(a0)
  1e:	3032                	fld	ft0,296(sp)
  20:	3032                	fld	ft0,296(sp)
  22:	312e                	fld	ft2,232(sp)
  24:	2e32                	fld	ft8,264(sp)
  26:	2938                	fld	fa4,80(a0)
  28:	3120                	fld	fs0,96(a0)
  2a:	2e30                	fld	fa2,88(a2)
  2c:	2e32                	fld	ft8,264(sp)
  2e:	0030                	addi	a2,sp,8
